// Jest Snapshot v1, https://goo.gl/fbAQLP

exports[`ProductSummary displays the product summary 1`] = `
<div
  id="dishwasherSummary0"
>
  <img
    id="image0"
    src="//johnlewis.scene7.com/is/image/JohnLewis/233326789?"
  />
  <div
    id="title0"
  >
    Indesit DIF 04B1 Ecotime Fully Integrated Dishwasher, White
  </div>
  <div
    id="price0"
  >
    Â£
    10
  </div>
</div>
`;
